// Jest Snapshot v1, https://goo.gl/fbAQLP

exports[`should render correctly NavHeader component match snapshot 1`] = `
<header
  class="order-1 flex flex min-h-[60px] w-full"
>
  <nav
    class="mb-2 mt-2 flex-1 justify-center px-5"
  >
    <div
      class="flex flex-row items-center gap-4"
    >
      <a
        class="text-primary text-lg font-bold sm:mr-5 md:ml-5 lg:mr-12"
        href="/"
      >
        <img
          alt="Your Company"
          data-nimg="1"
          decoding="async"
          height="45"
          loading="lazy"
          src="/_next/image?url=%2Fimg.jpg&w=96&q=75"
          srcset="/_next/image?url=%2Fimg.jpg&w=48&q=75 1x, /_next/image?url=%2Fimg.jpg&w=96&q=75 2x"
          style="color: transparent;"
          width="45"
        />
      </a>
      <a
        class="text-gray-300 hover:bg-indigo-950 hover:text-white rounded-md px-3 py-2 text-sm font-medium"
        href="/"
      >
        Header.home
      </a>
      <a
        class="text-gray-300 hover:bg-indigo-950 hover:text-white rounded-md px-3 py-2 text-sm font-medium"
        href="/about"
      >
        Header.about
      </a>
      <a
        class="text-gray-300 hover:bg-indigo-950 hover:text-white rounded-md px-3 py-2 text-sm font-medium"
        href="/blog"
      >
        Header.blog
      </a>
      <div
        class="ml-auto"
      >
        <div
          class="relative mt-2"
        >
          <button
            aria-expanded="false"
            aria-haspopup="listbox"
            class="text-white-900 relative w-full cursor-default rounded-md py-1.5 pl-3 pr-10 text-left shadow-sm ring-1 ring-inset ring-gray-300 focus:outline-none focus:ring-2 focus:ring-indigo-500 sm:text-sm sm:leading-6"
            data-headlessui-state=""
            id="headlessui-listbox-button-:r0:"
            type="button"
          >
            <span
              class="flex items-center"
            >
              <span
                class="ml-3 block truncate"
              >
                en
              </span>
            </span>
            <span
              class="pointer-events-none absolute inset-y-0 right-0 ml-3 flex items-center pr-2"
            >
              <svg
                aria-hidden="true"
                class="h-5 w-5 text-gray-400"
                data-slot="icon"
                fill="currentColor"
                viewBox="0 0 20 20"
                xmlns="http://www.w3.org/2000/svg"
              >
                <path
                  clip-rule="evenodd"
                  d="M10.53 3.47a.75.75 0 0 0-1.06 0L6.22 6.72a.75.75 0 0 0 1.06 1.06L10 5.06l2.72 2.72a.75.75 0 1 0 1.06-1.06l-3.25-3.25Zm-4.31 9.81 3.25 3.25a.75.75 0 0 0 1.06 0l3.25-3.25a.75.75 0 1 0-1.06-1.06L10 14.94l-2.72-2.72a.75.75 0 0 0-1.06 1.06Z"
                  fill-rule="evenodd"
                />
              </svg>
            </span>
          </button>
        </div>
      </div>
    </div>
  </nav>
</header>
`;
