// Jest Snapshot v1, https://goo.gl/fbAQLP

exports[`should render correctly NavHeader component match snapshot 1`] = `
<header>
  <nav
    aria-label="Global"
    class="mx-auto flex max-w-7xl items-center justify-between px-6 py-2 lg:px-8 lg:py-2"
  >
    <div
      class="flex lg:flex-1"
    >
      <a
        class="text-primary text-lg font-bold sm:mr-5 md:ml-5 lg:mr-12"
        href="/"
      >
        <img
          alt="Your Company"
          data-nimg="1"
          decoding="async"
          height="75"
          loading="lazy"
          src="/_next/image?url=%2Fimg.jpg&w=256&q=75"
          srcset="/_next/image?url=%2Fimg.jpg&w=96&q=75 1x, /_next/image?url=%2Fimg.jpg&w=256&q=75 2x"
          style="color: transparent;"
          width="75"
        />
      </a>
    </div>
    <div
      class="flex lg:hidden"
    >
      <button
        class="text-white-700 -m-2.5 inline-flex items-center justify-center rounded-md p-2.5"
        type="button"
      >
        <span
          class="sr-only"
        >
          Open main menu
        </span>
        <svg
          aria-hidden="true"
          class="h-6 w-6"
          data-slot="icon"
          fill="none"
          stroke="currentColor"
          stroke-width="1.5"
          viewBox="0 0 24 24"
          xmlns="http://www.w3.org/2000/svg"
        >
          <path
            d="M3.75 6.75h16.5M3.75 12h16.5m-16.5 5.25h16.5"
            stroke-linecap="round"
            stroke-linejoin="round"
          />
        </svg>
      </button>
    </div>
    <div
      class="hidden items-center lg:flex lg:gap-x-6"
    >
      <a
        class="text-gray-300 hover:bg-indigo-950 hover:text-white rounded-md px-3 py-2 text-sm font-medium"
        href="/en"
      >
        Header.home
      </a>
      <a
        class="text-gray-300 hover:bg-indigo-950 hover:text-white rounded-md px-3 py-2 text-sm font-medium"
        href="/en/about"
      >
        Header.about
      </a>
      <a
        class="text-gray-300 hover:bg-indigo-950 hover:text-white rounded-md px-3 py-2 text-sm font-medium"
        href="/en/blog"
      >
        Header.blog
      </a>
      <div
        class="ml-auto"
      >
        <div
          class="relative mt-2"
        >
          <button
            aria-expanded="false"
            aria-haspopup="listbox"
            class="text-white-900 relative block w-full cursor-default rounded-lg rounded-md px-3 py-1.5 py-2 text-left shadow-sm ring-inset ring-gray-300 focus:outline-none focus:ring-2 focus:ring-indigo-500 sm:text-sm sm:leading-6 md:pl-3 md:pr-10 md:ring-1"
            data-headlessui-state=""
            id="headlessui-listbox-button-:r0:"
            type="button"
          >
            <span
              class="flex items-center"
            >
              <span
                class="ml-3 block truncate"
              >
                En
              </span>
            </span>
            <span
              class="pointer-events-none absolute inset-y-0 right-0 ml-3 flex items-center pr-2"
            >
              <svg
                aria-hidden="true"
                class="h-5 w-5 text-gray-400"
                data-slot="icon"
                fill="currentColor"
                viewBox="0 0 20 20"
                xmlns="http://www.w3.org/2000/svg"
              >
                <path
                  clip-rule="evenodd"
                  d="M10.53 3.47a.75.75 0 0 0-1.06 0L6.22 6.72a.75.75 0 0 0 1.06 1.06L10 5.06l2.72 2.72a.75.75 0 1 0 1.06-1.06l-3.25-3.25Zm-4.31 9.81 3.25 3.25a.75.75 0 0 0 1.06 0l3.25-3.25a.75.75 0 1 0-1.06-1.06L10 14.94l-2.72-2.72a.75.75 0 0 0-1.06 1.06Z"
                  fill-rule="evenodd"
                />
              </svg>
            </span>
          </button>
        </div>
      </div>
    </div>
  </nav>
  <div
    style="position: fixed; top: 1px; left: 1px; width: 1px; height: 0px; padding: 0px; margin: -1px; overflow: hidden; clip: rect(0px, 0px, 0px, 0px); white-space: nowrap; border-width: 0px; display: none;"
  />
</header>
`;
