// Jest Snapshot v1, https://goo.gl/fbAQLP

exports[`should render correctly Hero component match snapshot 1`] = `
<section
  class="h-100 mt-8 pt-8"
>
  <div
    class="mx-auto grid max-w-screen-xl justify-center px-4 py-8 lg:grid-cols-12 lg:py-16"
  >
    <div
      class="mr-auto mt-[16vh] place-self-center md:col-span-12 md:mt-0"
    >
      <h1
        class="mb-4 max-w-2xl text-3xl font-extrabold leading-none tracking-tight dark:text-white md:text-6xl"
      >
        <span
          class="leading-12 block w-full bg-gradient-to-r from-indigo-700 to-fuchsia-500 bg-clip-text py-2 text-transparent lg:inline"
        >
          any title
        </span>
      </h1>
      <div
        class="md:inline-flex"
      >
        <h1
          class="text-1xl bg-gradient-to-r from-slate-200/60 to-slate-200 to-50% bg-clip-text font-extrabold tracking-tight text-transparent [text-wrap:balance] md:text-4xl"
        >
          any description
           
        </h1>
        <span
          class="text-1xl inline-flex h-[calc(theme(fontSize.base)*theme(lineHeight.tight))] flex-col overflow-hidden font-extrabold text-indigo-500 md:ml-1 md:h-[calc(theme(fontSize.4xl)*theme(lineHeight.tight))] md:text-4xl"
        >
          <ul
            class="block animate-text-slide-4 text-left leading-tight [&_li]:block"
          >
            <li
              aria-hidden="true"
            />
          </ul>
        </span>
      </div>
    </div>
  </div>
</section>
`;
